[2026-08-10T18:42:39.388Z][INFO] Command-line: 'C:\\Program Files\\Unity\\Hub\\Editor\\6000.5.5f1\\Editor\\Data\\Resources\\PackageManager\\Server\\UnityPackageManager.exe' server -s 8316 --ipc-path Unity-Upm-8316 -l 2 --log-file C:\\Users\\20231170150028\\Documents\\GitHub\\motores3pjd3v2026/Logs/upm.log
[2026-08-10T18:42:39.416Z][INFO] IPC server started (IPC path=Unity-Upm-8316).
[2026-08-10T18:42:39.416Z][INFO] Hint: To connect to this UPM instance, launch Unity with the command-line parameter -upmIpcPath Upm-8316.
[2026-08-10T18:42:47.477Z][INFO] project:list-packages <-- Request received
params: {}
[2026-08-10T18:42:47.480Z][INFO] project:list-packages --> 404 (3 ms)
[2026-08-10T18:42:47.495Z][INFO] project:list-packages <-- Request received
params: {}
[2026-08-10T18:42:47.496Z][INFO] project:list-packages --> 404 (1 ms)
[2026-08-10T18:42:47.678Z][INFO] config:project:get-registries <-- Request received
params: {}
[2026-08-10T18:42:47.678Z][INFO] config:project:get-registries --> 404 (0 ms)
[2026-08-10T18:42:47.692Z][INFO] project:list-packages <-- Request received
params: {}
[2026-08-10T18:42:47.693Z][INFO] project:list-packages --> 404 (1 ms)
[2026-08-10T18:42:47.769Z][INFO] project:update-dependencies <-- Request received
params: {}
[2026-08-10T18:42:47.792Z][INFO] project:update-dependencies --> 200 (23 ms)
[2026-08-10T18:42:47.811Z][INFO] project:resolve-packages <-- Request received
params: {}
[2026-08-10T18:42:48.182Z][INFO] Downloading package [com.unity.package-manager.metadata-6000.5@0.0.74] from registry 'https://packages.unity.com'
[2026-08-10T18:42:48.727Z][INFO] Finished downloading package [com.unity.package-manager.metadata-6000.5@0.0.74] from registry 'https://packages.unity.com' (size: 11.4 kB, time: 545ms)
[2026-08-10T18:42:49.195Z][INFO] project:resolve-packages --> 200 (1384 ms)
[2026-08-10T18:42:56.264Z][INFO] project:list-packages <-- Request received
params: {}
[2026-08-10T18:42:56.279Z][INFO] project:list-packages <-- Request received
params: {}
[2026-08-10T18:42:56.302Z][INFO] project:list-packages --> 200 (38 ms)
[2026-08-10T18:42:56.317Z][INFO] config:project:get-registries <-- Request received
params: {}
[2026-08-10T18:42:56.321Z][INFO] config:project:get-registries --> 200 (3 ms)
[2026-08-10T18:42:56.321Z][INFO] project:list-packages --> 200 (42 ms)
[2026-08-10T18:42:58.045Z][INFO] project:list-packages <-- Request received
params: {}
[2026-08-10T18:42:58.076Z][INFO] project:list-packages --> 200 (31 ms)
[2026-08-10T18:42:59.587Z][INFO] project:list-packages <-- Request received
params: {}
[2026-08-10T18:42:59.621Z][INFO] project:list-packages --> 200 (34 ms)
[2026-08-10T18:42:59.645Z][INFO] packages:get-all-packageinfo <-- Request received
params: {}
[2026-08-10T18:42:59.659Z][INFO] packages:get-all-packageinfo <-- Request received
params: {}
[2026-08-10T18:43:01.008Z][INFO] project:list-packages <-- Request received
params: {}
[2026-08-10T18:43:01.307Z][INFO] project:list-packages --> 200 (299 ms)
[2026-08-10T18:43:07.878Z][INFO] packages:get-all-packageinfo --> 200 (8219 ms)
[2026-08-10T18:43:08.326Z][INFO] packages:get-all-packageinfo --> 200 (8681 ms)
[2026-08-10T18:43:08.440Z][INFO] packages:get-packageinfo <-- Request received
params: {
  "packageId": "com.unity.addressables@2.9.1"
}
[2026-08-10T18:43:08.451Z][INFO] packages:get-packageinfo <-- Request received
params: {
  "packageId": "com.unity.ads.ios-support@1.0.1"
}
[2026-08-10T18:43:08.466Z][INFO] packages:get-packageinfo --> 200 (26 ms)
[2026-08-10T18:43:08.466Z][INFO] packages:get-packageinfo <-- Request received
params: {
  "packageId": "com.unity.inputsystem@1.19.0"
}
[2026-08-10T18:43:08.475Z][INFO] packages:get-packageinfo --> 200 (24 ms)
[2026-08-10T18:43:08.479Z][INFO] packages:get-packageinfo <-- Request received
params: {
  "packageId": "com.unity.learn.iet-framework@5.0.4"
}
[2026-08-10T18:43:08.492Z][INFO] packages:get-packageinfo --> 200 (26 ms)
[2026-08-10T18:43:08.493Z][INFO] packages:get-packageinfo <-- Request received
params: {
  "packageId": "com.unity.learn.iet-framework.authoring@1.5.4"
}
[2026-08-10T18:43:08.508Z][INFO] packages:get-packageinfo --> 200 (28 ms)
[2026-08-10T18:43:08.508Z][INFO] packages:get-packageinfo <-- Request received
params: {
  "packageId": "com.unity.microsoft.gdk@1.6.0"
}
[2026-08-10T18:43:08.516Z][INFO] packages:get-packageinfo --> 200 (23 ms)
[2026-08-10T18:43:08.517Z][INFO] packages:get-packageinfo <-- Request received
params: {
  "packageId": "com.unity.microsoft.gdk.tools@1.6.0"
}
[2026-08-10T18:43:08.527Z][INFO] packages:get-packageinfo --> 200 (19 ms)
[2026-08-10T18:43:08.530Z][INFO] packages:get-packageinfo --> 200 (13 ms)
[2026-08-10T18:43:08.531Z][INFO] packages:get-packageinfo <-- Request received
params: {
  "packageId": "com.unity.polyspatial.extensions@3.1.5"
}
[2026-08-10T18:43:08.543Z][INFO] packages:get-packageinfo --> 200 (12 ms)
[2026-08-10T18:43:08.546Z][INFO] packages:get-packageinfo <-- Request received
params: {
  "packageId": "com.unity.polyspatial.visionos@3.1.5"
}
[2026-08-10T18:43:08.558Z][INFO] packages:get-packageinfo --> 200 (12 ms)
[2026-08-10T18:43:08.560Z][INFO] packages:get-packageinfo <-- Request received
params: {
  "packageId": "com.unity.scriptablebuildpipeline@2.6.1"
}
[2026-08-10T18:43:08.573Z][INFO] packages:get-packageinfo --> 200 (13 ms)
[2026-08-10T18:43:08.575Z][INFO] packages:get-packageinfo <-- Request received
params: {
  "packageId": "com.unity.xr.arcore@6.5.0"
}
[2026-08-10T18:43:08.592Z][INFO] packages:get-packageinfo --> 200 (17 ms)
[2026-08-10T18:43:08.592Z][INFO] packages:get-packageinfo <-- Request received
params: {
  "packageId": "com.unity.xr.arfoundation@6.5.0"
}
[2026-08-10T18:43:08.601Z][INFO] packages:get-packageinfo <-- Request received
params: {
  "packageId": "com.unity.xr.arkit@6.5.0"
}
[2026-08-10T18:43:08.614Z][INFO] packages:get-packageinfo <-- Request received
params: {
  "packageId": "com.unity.xr.management@4.5.4"
}
[2026-08-10T18:43:08.624Z][INFO] packages:get-packageinfo --> 200 (32 ms)
[2026-08-10T18:43:08.625Z][INFO] packages:get-packageinfo <-- Request received
params: {
  "packageId": "com.unity.xr.visionos@3.1.5"
}
[2026-08-10T18:43:08.638Z][INFO] packages:get-packageinfo --> 200 (37 ms)
[2026-08-10T18:43:08.639Z][INFO] packages:get-packageinfo <-- Request received
params: {
  "packageId": "com.unity.services.friends@1.1.1"
}
[2026-08-10T18:43:08.648Z][INFO] packages:get-packageinfo --> 200 (34 ms)
[2026-08-10T18:43:08.649Z][INFO] packages:get-packageinfo --> 200 (24 ms)
[2026-08-10T18:43:08.650Z][INFO] packages:get-packageinfo --> 200 (11 ms)
[2026-08-10T18:43:08.652Z][INFO] packages:get-packageinfo <-- Request received
params: {
  "packageId": "com.unity.services.moderation@1.0.2"
}
[2026-08-10T18:43:08.661Z][INFO] packages:get-packageinfo --> 200 (9 ms)
[2026-08-10T18:43:08.666Z][INFO] packages:get-packageinfo <-- Request received
params: {
  "packageId": "com.unity.services.multiplayer@2.2.4"
}
[2026-08-10T18:43:08.675Z][INFO] packages:get-packageinfo --> 200 (9 ms)
[2026-08-10T18:43:53.419Z][INFO] project:list-packages <-- Request received
params: {}
[2026-08-10T18:43:53.817Z][INFO] project:list-packages --> 200 (398 ms)
[2026-08-10T18:44:09.354Z][INFO] project:add-remove-dependencies <-- Request received
params: {}
[2026-08-10T18:44:10.721Z][INFO] project:add-remove-dependencies --> 200 (1367 ms)
[2026-08-10T18:44:10.748Z][INFO] project:add-remove-dependencies <-- Request received
params: {}
[2026-08-10T18:44:10.788Z][INFO] project:add-remove-dependencies --> 200 (40 ms)
[2026-08-10T18:44:10.839Z][INFO] project:resolve-packages <-- Request received
params: {}
[2026-08-10T18:44:10.874Z][INFO] project:resolve-packages --> 200 (35 ms)
[2026-08-10T18:44:10.916Z][INFO] config:project:get-registries <-- Request received
params: {}
[2026-08-10T18:44:10.925Z][INFO] config:project:get-registries --> 200 (7 ms)
[2026-08-10T18:44:10.931Z][INFO] project:list-packages <-- Request received
params: {}
[2026-08-10T18:44:10.966Z][INFO] project:list-packages --> 200 (35 ms)
[2026-08-10T18:44:15.975Z][INFO] project:list-packages <-- Request received
params: {}
[2026-08-10T18:44:15.990Z][INFO] project:list-packages <-- Request received
params: {}
[2026-08-10T18:44:16.012Z][INFO] project:list-packages --> 200 (37 ms)
[2026-08-10T18:44:16.018Z][INFO] config:project:get-registries <-- Request received
params: {}
[2026-08-10T18:44:16.030Z][INFO] config:project:get-registries --> 200 (12 ms)
[2026-08-10T18:44:16.031Z][INFO] project:list-packages --> 200 (42 ms)
[2026-08-10T18:44:16.727Z][INFO] project:list-packages <-- Request received
params: {}
[2026-08-10T18:44:16.757Z][INFO] project:list-packages --> 200 (30 ms)
